2026/07/26 21:15:47 INFO listening addr=:8099
2026/07/26 21:15:53 INFO request method=GET path=/search status=200 dur=3.1002858s
2026/07/26 21:15:55 INFO request method=GET path=/search status=200 dur=2.9846675s
2026/07/26 21:16:15 INFO request method=GET path=/search status=200 dur=3.0543999s
2026/07/26 21:16:17 INFO request method=GET path=/tracks/8G8Fn0YRjvM status=200 dur=3.5776196s
2026/07/26 21:17:05 INFO request method=GET path=/tracks/8G8Fn0YRjvM/stream status=200 dur=3.5277293s
2026/07/26 21:17:06 INFO request method=GET path=/tracks/8G8Fn0YRjvM/stream status=206 dur=591.7181ms
2026/07/26 21:17:34 INFO request method=GET path=/tracks/8G8Fn0YRjvM/stream status=200 dur=252.731ms
2026/07/26 21:17:35 INFO request method=GET path=/tracks/8G8Fn0YRjvM/stream status=206 dur=780.6111ms
2026/07/26 21:47:14 INFO request method=GET path=/tracks/8G8Fn0YRjvM/stream status=206 dur=4.4771595s
2026/07/26 21:48:11 INFO request method=GET path=/tracks/8G8Fn0YRjvM/stream status=206 dur=153.6174ms
2026/07/26 22:47:15 INFO request method=GET path=/health status=200 dur=557.7µs
2026/07/26 22:55:36 INFO request method=GET path=/health status=200 dur=772.7µs
2026/07/26 22:55:52 INFO request method=OPTIONS path=/search status=204 dur=0s
2026/07/26 22:55:52 INFO request method=OPTIONS path=/search status=204 dur=0s
2026/07/26 22:55:53 INFO request method=OPTIONS path=/search status=204 dur=0s
2026/07/26 22:55:56 INFO request method=OPTIONS path=/search status=204 dur=0s
2026/07/26 22:55:57 INFO request method=GET path=/search status=200 dur=4.2919393s
2026/07/26 22:55:57 INFO request method=GET path=/search status=200 dur=4.1419975s
2026/07/26 22:55:57 INFO request method=GET path=/search status=200 dur=5.3680387s
2026/07/26 22:55:59 INFO request method=GET path=/search status=200 dur=3.3109756s
2026/07/26 22:56:01 INFO request method=OPTIONS path=/tracks/qSMVmrxxd1U status=204 dur=0s
2026/07/26 22:56:06 INFO request method=GET path=/tracks/qSMVmrxxd1U status=200 dur=4.7577673s
2026/07/26 22:56:10 INFO request method=GET path=/tracks/qSMVmrxxd1U/stream status=403 dur=3.6845766s
2026/07/26 22:56:21 INFO request method=OPTIONS path=/tracks/hVfsDZ02RfY status=204 dur=0s
2026/07/26 22:56:24 INFO request method=GET path=/tracks/hVfsDZ02RfY status=200 dur=3.4264305s
2026/07/26 23:01:59 INFO request method=GET path=/tracks/hVfsDZ02RfY/stream status=206 dur=5m33.9808302s
2026/07/26 23:02:18 INFO request method=OPTIONS path=/search status=204 dur=0s
2026/07/26 23:02:21 INFO request method=GET path=/search status=200 dur=3.5822032s
2026/07/26 23:02:23 INFO request method=OPTIONS path=/tracks/pyLs2dk9aVU status=204 dur=0s
2026/07/26 23:02:28 INFO request method=GET path=/tracks/pyLs2dk9aVU status=200 dur=4.4384617s
2026/07/26 23:02:33 INFO request method=GET path=/tracks/pyLs2dk9aVU/stream status=206 dur=4.8867838s
2026/07/26 23:05:30 INFO request method=OPTIONS path=/search status=204 dur=0s
2026/07/26 23:05:31 INFO request method=OPTIONS path=/search status=204 dur=0s
2026/07/26 23:05:33 INFO request method=OPTIONS path=/tracks/pyLs2dk9aVU status=204 dur=0s
2026/07/26 23:05:34 INFO request method=GET path=/tracks/pyLs2dk9aVU/stream status=206 dur=602.2844ms
2026/07/26 23:05:34 INFO request method=GET path=/search status=200 dur=3.412093s
2026/07/26 23:06:07 INFO request method=OPTIONS path=/search status=204 dur=0s
2026/07/26 23:06:10 INFO request method=GET path=/search status=200 dur=3.0783673s
2026/07/26 23:06:12 INFO request method=OPTIONS path=/tracks/pyLs2dk9aVU status=204 dur=0s
2026/07/26 23:06:15 INFO request method=GET path=/tracks/pyLs2dk9aVU status=200 dur=3.620251s
2026/07/26 23:06:16 INFO request method=GET path=/tracks/pyLs2dk9aVU/stream status=206 dur=414.643ms
2026/07/26 23:26:25 INFO request method=OPTIONS path=/search status=204 dur=0s
2026/07/26 23:26:28 INFO request method=GET path=/search status=200 dur=3.2086686s
2026/07/26 23:26:31 INFO request method=OPTIONS path=/tracks/o_-zbfgbCHE status=204 dur=0s
2026/07/26 23:26:34 INFO request method=GET path=/tracks/o_-zbfgbCHE status=200 dur=3.5814295s
2026/07/26 23:26:43 INFO request method=GET path=/tracks/o_-zbfgbCHE/stream status=206 dur=8.1939639s
2026/07/26 23:31:21 INFO request method=OPTIONS path=/search status=204 dur=0s
2026/07/26 23:31:24 INFO request method=GET path=/search status=200 dur=3.1332529s
2026/07/26 23:31:34 INFO request method=GET path=/search status=200 dur=3.1894445s
2026/07/27 00:15:07 INFO request method=OPTIONS path=/search status=204 dur=0s
2026/07/27 00:15:11 INFO request method=GET path=/search status=200 dur=3.340253s
2026/07/27 00:22:20 INFO request method=OPTIONS path=/search status=204 dur=0s
2026/07/27 00:22:24 INFO request method=GET path=/search status=200 dur=3.4985048s
2026/07/27 00:22:26 INFO request method=OPTIONS path=/tracks/nZWYM-NW48k status=204 dur=0s
2026/07/27 00:22:30 INFO request method=GET path=/tracks/nZWYM-NW48k status=200 dur=3.4197563s
2026/07/27 00:22:33 INFO request method=OPTIONS path=/search status=204 dur=0s
2026/07/27 00:22:34 INFO request method=GET path=/tracks/nZWYM-NW48k/stream status=206 dur=4.5865064s
2026/07/27 00:22:37 INFO request method=GET path=/search status=200 dur=3.3698904s
2026/07/27 00:22:38 INFO request method=OPTIONS path=/tracks/sC4pWT6p37U status=204 dur=0s
2026/07/27 00:22:41 INFO request method=GET path=/tracks/sC4pWT6p37U status=200 dur=3.4113628s
2026/07/27 00:23:18 INFO request method=OPTIONS path=/tracks/sC4pWT6p37U status=204 dur=0s
2026/07/27 00:23:39 INFO request method=OPTIONS path=/search status=204 dur=0s
2026/07/27 00:23:47 INFO request method=OPTIONS path=/tracks/sC4pWT6p37U status=204 dur=0s
2026/07/27 00:26:18 INFO request method=GET path=/channel/UC-9-kyTW8ZkZNDHQJ6FgpwQ status=404 dur=507.6µs
2026/07/27 00:27:51 INFO request method=GET path=/yt/channels/UC-9-kyTW8ZkZNDHQJ6FgpwQ status=200 dur=3.9844155s
2026/07/27 00:36:26 INFO request method=GET path=/tracks/sC4pWT6p37U/stream status=206 dur=12m38.5205003s
2026/07/27 01:35:59 INFO request method=OPTIONS path=/search status=204 dur=0s
2026/07/27 01:36:02 INFO request method=GET path=/search status=200 dur=3.1911219s
2026/07/27 01:36:05 INFO request method=OPTIONS path=/tracks/pyLs2dk9aVU status=204 dur=0s
2026/07/27 01:36:08 INFO request method=GET path=/tracks/pyLs2dk9aVU status=200 dur=3.3141778s
2026/07/27 01:36:12 INFO request method=GET path=/tracks/pyLs2dk9aVU/stream status=206 dur=3.8529054s
2026/07/27 01:37:40 INFO request method=OPTIONS path=/tracks/pyLs2dk9aVU status=204 dur=0s
2026/07/27 01:37:57 INFO request method=OPTIONS path=/tracks/pyLs2dk9aVU status=204 dur=0s
2026/07/27 01:40:26 INFO request method=OPTIONS path=/search status=204 dur=0s
2026/07/27 01:40:26 INFO request method=OPTIONS path=/search status=204 dur=0s
2026/07/27 01:40:27 INFO request method=OPTIONS path=/search status=204 dur=0s
2026/07/27 01:40:27 INFO request method=OPTIONS path=/search status=204 dur=0s
2026/07/27 01:40:27 INFO request method=OPTIONS path=/search status=204 dur=0s
2026/07/27 01:40:30 INFO request method=OPTIONS path=/tracks/pyLs2dk9aVU status=204 dur=0s
2026/07/27 01:40:30 INFO request method=GET path=/search status=200 dur=4.4092235s
2026/07/27 01:40:30 INFO request method=GET path=/tracks/pyLs2dk9aVU/stream status=206 dur=721.4585ms
2026/07/27 01:40:30 INFO request method=GET path=/search status=200 dur=4.1791869s
2026/07/27 01:40:31 INFO request method=GET path=/search status=200 dur=4.1462917s
2026/07/27 01:40:31 INFO request method=GET path=/search status=200 dur=3.7988201s
2026/07/27 01:42:59 INFO request method=OPTIONS path=/tracks/GcGnlmKcFMk status=204 dur=0s
2026/07/27 01:43:02 INFO request method=GET path=/tracks/GcGnlmKcFMk status=200 dur=3.0784705s
2026/07/27 01:43:03 INFO request method=OPTIONS path=/tracks/pyLs2dk9aVU status=204 dur=0s
2026/07/27 01:43:44 INFO request method=OPTIONS path=/search status=204 dur=0s
2026/07/27 01:43:47 INFO request method=GET path=/search status=200 dur=2.849587s
2026/07/27 01:43:51 INFO request method=OPTIONS path=/tracks/W5mEAmdkt7E status=204 dur=0s
2026/07/27 01:43:54 INFO request method=GET path=/tracks/W5mEAmdkt7E status=200 dur=3.6073276s
2026/07/27 01:43:59 INFO request method=GET path=/tracks/W5mEAmdkt7E/stream status=206 dur=4.6231472s
2026/07/27 01:54:59 INFO request method=OPTIONS path=/search status=204 dur=0s
2026/07/27 01:55:00 INFO request method=OPTIONS path=/search status=204 dur=0s
2026/07/27 01:55:00 INFO request method=OPTIONS path=/search status=204 dur=0s
2026/07/27 01:55:03 INFO request method=GET path=/search status=200 dur=3.6203137s
2026/07/27 01:55:03 INFO request method=GET path=/search status=200 dur=3.5463795s
2026/07/27 01:55:04 INFO request method=GET path=/search status=200 dur=3.3088087s
2026/07/27 01:55:08 INFO request method=OPTIONS path=/tracks/pyLs2dk9aVU status=204 dur=0s
2026/07/27 01:55:12 INFO request method=GET path=/tracks/pyLs2dk9aVU/stream status=206 dur=3.9441699s
2026/07/27 01:58:24 INFO request method=OPTIONS path=/search status=204 dur=0s
2026/07/27 01:58:25 INFO request method=OPTIONS path=/search status=204 dur=0s
2026/07/27 01:58:25 INFO request method=OPTIONS path=/search status=204 dur=0s
2026/07/27 01:58:26 INFO request method=OPTIONS path=/search status=204 dur=0s
2026/07/27 01:58:29 INFO request method=GET path=/search status=200 dur=4.039387s
2026/07/27 01:58:29 INFO request method=GET path=/search status=200 dur=3.9582904s
2026/07/27 01:58:29 INFO request method=GET path=/search status=200 dur=3.9041644s
2026/07/27 01:58:30 INFO request method=GET path=/search status=200 dur=3.4642044s
2026/07/27 01:58:38 INFO request method=OPTIONS path=/tracks/Pa67b28h0vY status=204 dur=0s
2026/07/27 01:58:41 INFO request method=GET path=/tracks/Pa67b28h0vY status=200 dur=3.2976716s
2026/07/27 02:00:24 INFO request method=OPTIONS path=/search status=204 dur=0s
2026/07/27 02:00:27 INFO request method=GET path=/search status=200 dur=2.8253392s
2026/07/27 02:00:29 INFO request method=OPTIONS path=/tracks/pyLs2dk9aVU status=204 dur=0s
2026/07/27 02:00:33 INFO request method=GET path=/tracks/pyLs2dk9aVU/stream status=206 dur=4.0302031s
2026/07/27 02:09:33 INFO request method=GET path=/health status=200 dur=0s
2026/07/27 02:09:33 INFO request method=GET path=/me/history/tracks status=404 dur=0s
2026/07/27 02:09:37 INFO request method=GET path=/tracks/dQw4w9WgXcQ status=200 dur=3.5880556s
2026/07/27 02:19:35 INFO request method=OPTIONS path=/me/history/tracks status=204 dur=0s
2026/07/27 02:19:35 INFO request method=GET path=/me/history/tracks status=404 dur=19.1195ms
2026/07/27 02:19:35 INFO request method=GET path=/me/history/tracks status=404 dur=0s
2026/07/27 02:19:36 INFO request method=GET path=/me/history/tracks status=404 dur=0s
2026/07/27 02:19:37 INFO request method=GET path=/me/history/tracks status=404 dur=0s
2026/07/27 02:19:38 INFO request method=GET path=/me/history/tracks status=404 dur=0s
2026/07/27 02:19:41 INFO request method=OPTIONS path=/me/history/tracks status=204 dur=0s
2026/07/27 02:19:41 INFO request method=GET path=/me/history/tracks status=404 dur=0s
2026/07/27 02:19:48 INFO request method=OPTIONS path=/me/history/tracks status=204 dur=1.325ms
2026/07/27 02:19:48 INFO request method=GET path=/me/history/tracks status=404 dur=0s
2026/07/27 02:19:54 INFO request method=OPTIONS path=/me/history/tracks status=204 dur=0s
2026/07/27 02:19:54 INFO request method=GET path=/me/history/tracks status=404 dur=0s
2026/07/27 02:20:01 INFO request method=OPTIONS path=/me/history/tracks status=204 dur=0s
2026/07/27 02:20:01 INFO request method=GET path=/me/history/tracks status=404 dur=0s
2026/07/27 02:20:07 INFO request method=OPTIONS path=/me/history/tracks status=204 dur=0s
2026/07/27 02:20:07 INFO request method=GET path=/me/history/tracks status=404 dur=2.1247ms
2026/07/27 02:20:13 INFO request method=GET path=/health status=200 dur=0s
2026/07/27 02:20:14 INFO request method=OPTIONS path=/me/history/tracks status=204 dur=0s
2026/07/27 02:20:14 INFO request method=GET path=/me/history/tracks status=404 dur=0s
2026/07/27 02:20:20 INFO request method=OPTIONS path=/me/history/tracks status=204 dur=0s
2026/07/27 02:20:20 INFO request method=GET path=/me/history/tracks status=404 dur=0s
2026/07/27 02:20:21 INFO request method=GET path=/me/history/tracks status=404 dur=0s
2026/07/27 02:20:21 INFO request method=GET path=/me/history/tracks status=404 dur=0s
2026/07/27 02:20:22 INFO request method=GET path=/me/history/tracks status=404 dur=0s
2026/07/27 02:20:24 INFO request method=GET path=/me/history/tracks status=404 dur=0s
2026/07/27 02:20:27 INFO request method=OPTIONS path=/me/history/tracks status=204 dur=0s
2026/07/27 02:20:27 INFO request method=GET path=/me/history/tracks status=404 dur=0s
2026/07/27 02:20:33 INFO request method=OPTIONS path=/me/history/tracks status=204 dur=0s
2026/07/27 02:20:33 INFO request method=GET path=/me/history/tracks status=404 dur=0s
2026/07/27 02:20:40 INFO request method=OPTIONS path=/me/history/tracks status=204 dur=0s
2026/07/27 02:20:40 INFO request method=GET path=/me/history/tracks status=404 dur=0s
2026/07/27 02:20:46 INFO request method=OPTIONS path=/me/history/tracks status=204 dur=0s
2026/07/27 02:20:46 INFO request method=GET path=/me/history/tracks status=404 dur=503.8µs
2026/07/27 02:20:52 INFO request method=OPTIONS path=/me/history/tracks status=204 dur=0s
2026/07/27 02:20:52 INFO request method=GET path=/me/history/tracks status=404 dur=0s
2026/07/27 02:20:59 INFO request method=OPTIONS path=/me/history/tracks status=204 dur=0s
2026/07/27 02:20:59 INFO request method=GET path=/me/history/tracks status=404 dur=0s
2026/07/27 02:24:04 INFO request method=OPTIONS path=/me/history/tracks status=204 dur=0s
2026/07/27 02:24:04 INFO request method=GET path=/me/history/tracks status=404 dur=0s
2026/07/27 02:24:04 INFO request method=GET path=/me/history/tracks status=404 dur=0s
2026/07/27 02:24:05 INFO request method=GET path=/me/history/tracks status=404 dur=0s
2026/07/27 02:24:06 INFO request method=GET path=/me/history/tracks status=404 dur=0s
2026/07/27 02:24:08 INFO request method=GET path=/me/history/tracks status=404 dur=0s
2026/07/27 02:24:11 INFO request method=OPTIONS path=/me/history/tracks status=204 dur=0s
2026/07/27 02:24:11 INFO request method=GET path=/me/history/tracks status=404 dur=0s
2026/07/27 02:24:18 INFO request method=OPTIONS path=/me/history/tracks status=204 dur=0s
2026/07/27 02:24:18 INFO request method=GET path=/me/history/tracks status=404 dur=0s
2026/07/27 02:24:24 INFO request method=OPTIONS path=/me/history/tracks status=204 dur=0s
2026/07/27 02:24:24 INFO request method=GET path=/me/history/tracks status=404 dur=0s
2026/07/27 02:24:30 INFO request method=OPTIONS path=/me/history/tracks status=204 dur=0s
2026/07/27 02:24:30 INFO request method=GET path=/me/history/tracks status=404 dur=0s
2026/07/27 02:24:37 INFO request method=OPTIONS path=/me/history/tracks status=204 dur=0s
2026/07/27 02:24:37 INFO request method=GET path=/me/history/tracks status=404 dur=0s
2026/07/27 02:24:43 INFO request method=OPTIONS path=/me/history/tracks status=204 dur=0s
2026/07/27 02:24:43 INFO request method=GET path=/me/history/tracks status=404 dur=0s
exit status 1
